
  EPA STORM WATER MANAGEMENT MODEL - VERSION 5.2 (Build 5.2.4)
  PYSWMM TOOLKIT API - VERSION v1.0 (2026-02-26)
  ------------------------------------------------------------

  Pune Deccan Gymkhana Network 
  
  ****************
  Analysis Options
  ****************
  Flow Units ............... CMS
  Process Models:
    Rainfall/Runoff ........ NO
    RDII ................... NO
    Snowmelt ............... NO
    Groundwater ............ NO
    Flow Routing ........... YES
    Ponding Allowed ........ NO
    Water Quality .......... NO
  Flow Routing Method ...... KINWAVE
  Starting Date ............ 01/01/2026 00:00:00
  Ending Date .............. 01/01/2026 03:00:00
  Antecedent Dry Days ...... 0.0
  Report Time Step ......... 00:15:00
  Routing Time Step ........ 20.00 sec
  
  
  **************************        Volume        Volume
  Flow Routing Continuity        hectare-m      10^6 ltr
  **************************     ---------     ---------
  Dry Weather Inflow .......         0.000         0.000
  Wet Weather Inflow .......         0.000         0.000
  Groundwater Inflow .......         0.000         0.000
  RDII Inflow ..............         0.000         0.000
  External Inflow ..........        11.367       113.671
  External Outflow .........         5.859        58.590
  Flooding Loss ............         5.582        55.818
  Evaporation Loss .........         0.000         0.000
  Exfiltration Loss ........         0.000         0.000
  Initial Stored Volume ....         0.000         0.000
  Final Stored Volume ......         0.109         1.092
  Continuity Error (%) .....        -1.609
  
  
  ********************************
  Highest Flow Instability Indexes
  ********************************
  Link PIPE-J02-OUT (6)
  Link PIPE-J23-J08 (4)
  Link PIPE-J24-J09 (3)
  Link PIPE-J20-J14 (3)
  Link PIPE-J00-J19 (3)
  
  
  *************************
  Routing Time Step Summary
  *************************
  Minimum Time Step           :    20.00 sec
  Average Time Step           :    20.00 sec
  Maximum Time Step           :    20.00 sec
  % of Time in Steady State   :     0.00
  Average Iterations per Step :     2.79
  % of Steps Not Converging   :     0.00
  
  
  ******************
  Node Depth Summary
  ******************
  
  ---------------------------------------------------------------------------------
                                 Average  Maximum  Maximum  Time of Max    Reported
                                   Depth    Depth      HGL   Occurrence   Max Depth
  Node                 Type       Meters   Meters   Meters  days hr:min      Meters
  ---------------------------------------------------------------------------------
  J00                  JUNCTION     1.18     1.50   554.50     0  00:37        1.50
  J01                  JUNCTION     0.98     1.50   568.50     0  00:36        1.50
  J02                  JUNCTION     1.30     1.50   547.50     0  00:34        1.50
  J03                  JUNCTION     1.02     1.50   562.50     0  00:33        1.50
  J04                  JUNCTION     0.95     1.50   560.50     0  00:36        1.50
  J05                  JUNCTION     1.01     1.50   558.50     0  00:34        1.50
  J06                  JUNCTION     1.01     1.50   557.50     0  00:35        1.50
  J07                  JUNCTION     1.01     1.50   557.50     0  00:33        1.50
  J08                  JUNCTION     1.12     1.50   560.50     0  00:37        1.50
  J09                  JUNCTION     1.09     1.50   551.50     0  00:35        1.50
  J10                  JUNCTION     0.99     1.50   558.50     0  00:35        1.50
  J11                  JUNCTION     1.07     1.50   559.50     0  00:34        1.50
  J12                  JUNCTION     0.96     1.50   564.50     0  00:35        1.50
  J13                  JUNCTION     1.05     1.50   558.50     0  00:34        1.50
  J14                  JUNCTION     1.18     1.50   555.50     0  00:36        1.50
  J15                  JUNCTION     0.99     1.50   567.50     0  00:33        1.50
  J16                  JUNCTION     0.98     1.50   561.50     0  00:33        1.50
  J17                  JUNCTION     0.99     1.50   569.50     0  00:36        1.50
  J18                  JUNCTION     1.08     1.50   558.50     0  00:35        1.50
  J19                  JUNCTION     1.32     1.50   549.50     0  00:25        1.50
  J20                  JUNCTION     1.12     1.50   559.50     0  00:37        1.50
  J21                  JUNCTION     1.02     1.50   560.50     0  00:35        1.50
  J22                  JUNCTION     0.97     1.50   563.50     0  00:34        1.50
  J23                  JUNCTION     1.03     1.50   565.50     0  00:37        1.50
  J24                  JUNCTION     1.02     1.50   554.50     0  00:34        1.50
  OUTFALL-J02          OUTFALL      0.68     0.76   543.76     0  00:40        0.76
  
  
  *******************
  Node Inflow Summary
  *******************
  
  -------------------------------------------------------------------------------------------------
                                  Maximum  Maximum                  Lateral       Total        Flow
                                  Lateral    Total  Time of Max      Inflow      Inflow     Balance
                                   Inflow   Inflow   Occurrence      Volume      Volume       Error
  Node                 Type           CMS      CMS  days hr:min    10^6 ltr    10^6 ltr     Percent
  -------------------------------------------------------------------------------------------------
  J00                  JUNCTION     1.016    4.367     0  01:29        6.24          36       0.000
  J01                  JUNCTION     1.063    1.063     0  01:28        6.53        6.53      -0.000
  J02                  JUNCTION     0.294    6.417     0  00:40        1.81        58.6       0.000
  J03                  JUNCTION     0.231    0.231     0  01:31        1.42        1.42      -0.000
  J04                  JUNCTION     0.338    0.338     0  01:29        2.07        2.07      -0.000
  J05                  JUNCTION     1.209    1.209     0  01:29        7.42        7.42      -0.000
  J06                  JUNCTION     1.141    1.141     0  01:30        7.01        7.01       0.000
  J07                  JUNCTION     0.304    0.304     0  01:30        1.86        1.86       0.000
  J08                  JUNCTION     0.961    2.827     0  01:28         5.9        22.3      -0.000
  J09                  JUNCTION     1.304    2.178     0  01:29        8.01        15.9      -0.000
  J10                  JUNCTION     0.829    0.950     0  01:29        5.09        6.18       0.000
  J11                  JUNCTION     1.394    1.394     0  01:30        8.56        8.56      -0.000
  J12                  JUNCTION     0.276    0.276     0  01:28         1.7         1.7      -0.000
  J13                  JUNCTION     1.508    1.737     0  01:30        9.26        11.3       0.000
  J14                  JUNCTION     1.702    4.473     0  01:29        10.4        34.4      -0.000
  J15                  JUNCTION     0.279    0.279     0  01:28        1.71        1.71       0.000
  J16                  JUNCTION     0.261    0.261     0  01:29         1.6         1.6      -0.000
  J17                  JUNCTION     1.411    1.411     0  01:28        8.66        8.66      -0.000
  J18                  JUNCTION     0.233    0.808     0  01:30        1.43        6.63      -0.000
  J19                  JUNCTION     0.265    5.616     0  01:10        1.63        47.3      -0.000
  J20                  JUNCTION     0.289    2.808     0  00:58        1.77        23.1       0.000
  J21                  JUNCTION     0.336    0.427     0  01:30        2.06        2.89      -0.000
  J22                  JUNCTION     0.281    0.281     0  01:29        1.73        1.73       0.000
  J23                  JUNCTION     1.290    2.555     0  01:28        7.92          19      -0.000
  J24                  JUNCTION     0.298    0.529     0  01:29        1.83        3.92      -0.000
  OUTFALL-J02          OUTFALL      0.000    6.416     0  00:40           0        58.6       0.000
  
  
  *********************
  Node Flooding Summary
  *********************
  
  Flooding refers to all water that overflows a node, whether it ponds or not.
  --------------------------------------------------------------------------
                                                             Total   Maximum
                                 Maximum   Time of Max       Flood    Ponded
                        Hours       Rate    Occurrence      Volume    Volume
  Node                 Flooded       CMS   days hr:min    10^6 ltr   1000 m³
  --------------------------------------------------------------------------
  J00                     1.82     0.616      0  01:29       2.685     0.000
  J01                     1.73     0.563      0  01:28       2.157     0.000
  J03                     1.93     0.141      0  01:31       0.589     0.000
  J04                     1.76     0.183      0  01:29       0.712     0.000
  J05                     1.83     0.687      0  01:29       2.756     0.000
  J06                     1.84     0.658      0  01:30       2.661     0.000
  J07                     1.90     0.182      0  01:30       0.752     0.000
  J08                     1.76     0.547      0  01:28       2.268     0.000
  J09                     1.86     0.781      0  01:29       3.257     0.000
  J10                     1.82     0.468      0  01:29       1.868     0.000
  J11                     1.88     0.819      0  01:30       3.357     0.000
  J12                     1.80     0.154      0  01:28       0.610     0.000
  J13                     1.90     0.902      0  01:30       3.741     0.000
  J14                     1.80     1.122      0  01:29       4.744     0.000
  J15                     1.86     0.162      0  01:28       0.660     0.000
  J16                     1.86     0.152      0  01:29       0.620     0.000
  J17                     1.76     0.763      0  01:28       2.965     0.000
  J18                     1.91     0.152      0  01:30       0.673     0.000
  J19                     2.21     2.061      0  01:10      12.901     0.000
  J20                     1.78     0.303      0  00:58       0.981     0.000
  J21                     1.87     0.197      0  01:30       0.809     0.000
  J22                     1.82     0.160      0  01:29       0.642     0.000
  J23                     1.76     0.689      0  01:28       2.678     0.000
  J24                     1.87     0.177      0  01:29       0.732     0.000
  
  
  ***********************
  Outfall Loading Summary
  ***********************
  
  -----------------------------------------------------------
                         Flow       Avg       Max       Total
                         Freq      Flow      Flow      Volume
  Outfall Node           Pcnt       CMS       CMS    10^6 ltr
  -----------------------------------------------------------
  OUTFALL-J02           99.81     5.438     6.416      58.590
  -----------------------------------------------------------
  System                99.81     5.438     6.416      58.590
  
  
  ********************
  Link Flow Summary
  ********************
  
  -----------------------------------------------------------------------------
                                 Maximum  Time of Max   Maximum    Max/    Max/
                                  |Flow|   Occurrence   |Veloc|    Full    Full
  Link                 Type          CMS  days hr:min     m/sec    Flow   Depth
  -----------------------------------------------------------------------------
  PIPE-J00-J19         CONDUIT     4.059     0  01:10      4.97    1.08    1.00
  PIPE-J01-J23         CONDUIT     0.541     0  00:41      3.00    1.08    1.00
  PIPE-J03-J21         CONDUIT     0.098     0  02:30      1.76    1.08    1.00
  PIPE-J04-J14         CONDUIT     0.167     0  00:42      2.45    1.08    1.00
  PIPE-J05-J09         CONDUIT     0.564     0  00:39      3.57    1.08    1.00
  PIPE-J06-J19         CONDUIT     0.523     0  00:40      3.93    1.08    1.00
  PIPE-J07-J24         CONDUIT     0.132     0  00:39      1.83    1.08    1.00
  PIPE-J08-J20         CONDUIT     2.466     0  00:58      2.95    1.08    1.00
  PIPE-J09-J02         CONDUIT     1.511     0  00:43      3.46    1.08    1.00
  PIPE-J10-J02         CONDUIT     0.522     0  00:41      4.31    1.08    1.00
  PIPE-J11-J18         CONDUIT     0.621     0  00:40      2.00    1.08    1.00
  PIPE-J12-J20         CONDUIT     0.132     0  00:40      2.53    1.08    1.00
  PIPE-J13-J19         CONDUIT     0.901     0  00:38      4.97    1.08    1.00
  PIPE-J14-J00         CONDUIT     3.624     0  00:47      2.92    1.08    1.00
  PIPE-J15-J23         CONDUIT     0.126     0  00:38      1.84    1.08    1.00
  PIPE-J16-J24         CONDUIT     0.118     0  00:38      3.08    1.08    1.00
  PIPE-J17-J23         CONDUIT     0.701     0  00:40      3.59    1.08    1.00
  PIPE-J18-J02         CONDUIT     0.709     0  00:57      4.84    1.08    1.00
  PIPE-J19-J02         CONDUIT     3.843     0  00:33      2.52    1.08    1.00
  PIPE-J20-J14         CONDUIT     2.687     0  00:58      5.17    1.07    0.95
  PIPE-J21-J13         CONDUIT     0.248     0  02:28      2.16    1.08    1.00
  PIPE-J22-J10         CONDUIT     0.131     0  00:39      2.70    1.08    1.00
  PIPE-J23-J08         CONDUIT     2.002     0  00:49      5.37    1.07    1.00
  PIPE-J24-J09         CONDUIT     0.381     0  00:45      2.85    1.08    1.00
  PIPE-J02-OUT         CONDUIT     6.416     0  00:40      8.98    0.81    0.68
  
  
  *************************
  Conduit Surcharge Summary
  *************************
  
  ----------------------------------------------------------------------------
                                                           Hours        Hours 
                         --------- Hours Full --------   Above Full   Capacity
  Conduit                Both Ends  Upstream  Dnstream   Normal Flow   Limited
  ----------------------------------------------------------------------------
  PIPE-J00-J19                1.82      1.82      1.82      0.59         1.82
  PIPE-J01-J23                1.73      1.73      1.73      0.10         1.73
  PIPE-J03-J21                1.93      1.93      1.93      1.94         1.93
  PIPE-J04-J14                1.76      1.76      1.76      0.11         1.76
  PIPE-J05-J09                1.83      1.83      1.83      1.83         1.83
  PIPE-J06-J19                1.84      1.84      1.84      1.86         1.84
  PIPE-J07-J24                1.90      1.90      1.90      1.91         1.90
  PIPE-J08-J20                1.76      1.76      1.76      1.77         1.76
  PIPE-J09-J02                1.86      1.86      1.86      0.16         1.86
  PIPE-J10-J02                1.82      1.82      1.82      1.83         1.82
  PIPE-J11-J18                1.88      1.88      1.88      0.09         1.88
  PIPE-J12-J20                1.80      1.80      1.80      1.81         1.80
  PIPE-J13-J19                1.90      1.90      1.90      0.11         1.90
  PIPE-J14-J00                1.80      1.80      1.80      1.81         1.80
  PIPE-J15-J23                1.86      1.86      1.86      0.11         1.86
  PIPE-J16-J24                1.86      1.86      1.86      1.87         1.86
  PIPE-J17-J23                1.76      1.76      1.76      1.76         1.76
  PIPE-J18-J02                1.91      1.91      1.91      1.91         1.91
  PIPE-J19-J02                2.21      2.21      2.21      2.23         2.21
  PIPE-J20-J14                1.78      1.78      1.78      1.78         1.78
  PIPE-J21-J13                1.87      1.87      1.87      1.88         1.87
  PIPE-J22-J10                1.82      1.82      1.82      1.83         1.82
  PIPE-J23-J08                1.76      1.76      1.76      1.76         1.76
  PIPE-J24-J09                1.87      1.87      1.87      1.87         1.87
  

  Analysis begun on:  Mon Sep 28 23:32:32 2026
  Analysis ended on:  Mon Sep 28 23:32:33 2026
  Total elapsed time: 00:00:01