
  EPA STORM WATER MANAGEMENT MODEL - VERSION 5.2 (Build 5.2.4)
  PYSWMM TOOLKIT API - VERSION v1.0 (2026-02-26)
  ------------------------------------------------------------

  Pune Deccan Gymkhana Minimal Network 
  
  ****************
  Analysis Options
  ****************
  Flow Units ............... CMS
  Process Models:
    Rainfall/Runoff ........ NO
    RDII ................... NO
    Snowmelt ............... NO
    Groundwater ............ NO
    Flow Routing ........... YES
    Ponding Allowed ........ NO
    Water Quality .......... NO
  Flow Routing Method ...... KINWAVE
  Starting Date ............ 01/01/2026 00:00:00
  Ending Date .............. 01/01/2026 01:00:00
  Antecedent Dry Days ...... 0.0
  Report Time Step ......... 00:15:00
  Routing Time Step ........ 20.00 sec
  
  
  **************************        Volume        Volume
  Flow Routing Continuity        hectare-m      10^6 ltr
  **************************     ---------     ---------
  Dry Weather Inflow .......         0.000         0.000
  Wet Weather Inflow .......         0.000         0.000
  Groundwater Inflow .......         0.000         0.000
  RDII Inflow ..............         0.000         0.000
  External Inflow ..........         0.127         1.265
  External Outflow .........         0.039         0.394
  Flooding Loss ............         0.086         0.864
  Evaporation Loss .........         0.000         0.000
  Exfiltration Loss ........         0.000         0.000
  Initial Stored Volume ....         0.000         0.000
  Final Stored Volume ......         0.002         0.015
  Continuity Error (%) .....        -0.652
  
  
  ********************************
  Highest Flow Instability Indexes
  ********************************
  All links are stable.
  
  
  *************************
  Routing Time Step Summary
  *************************
  Minimum Time Step           :    20.00 sec
  Average Time Step           :    20.00 sec
  Maximum Time Step           :    20.00 sec
  % of Time in Steady State   :     0.00
  Average Iterations per Step :     1.03
  % of Steps Not Converging   :     0.00
  
  
  ******************
  Node Depth Summary
  ******************
  
  ---------------------------------------------------------------------------------
                                 Average  Maximum  Maximum  Time of Max    Reported
                                   Depth    Depth      HGL   Occurrence   Max Depth
  Node                 Type       Meters   Meters   Meters  days hr:min      Meters
  ---------------------------------------------------------------------------------
  MANHOLE-PUNE-001     JUNCTION     1.50     1.50   561.50     0  00:00        1.50
  MANHOLE-PUNE-002     JUNCTION     0.30     0.30   558.30     0  00:01        0.30
  OUTFALL-001          OUTFALL      0.09     0.09   554.09     0  00:11        0.09
  
  
  *******************
  Node Inflow Summary
  *******************
  
  -------------------------------------------------------------------------------------------------
                                  Maximum  Maximum                  Lateral       Total        Flow
                                  Lateral    Total  Time of Max      Inflow      Inflow     Balance
                                   Inflow   Inflow   Occurrence      Volume      Volume       Error
  Node                 Type           CMS      CMS  days hr:min    10^6 ltr    10^6 ltr     Percent
  -------------------------------------------------------------------------------------------------
  MANHOLE-PUNE-001     JUNCTION     0.353    0.353     0  00:00        1.27        1.27      -0.000
  MANHOLE-PUNE-002     JUNCTION     0.000    0.112     0  00:01           0       0.398       0.000
  OUTFALL-001          OUTFALL      0.000    0.112     0  00:11           0       0.394       0.000
  
  
  *********************
  Node Flooding Summary
  *********************
  
  Flooding refers to all water that overflows a node, whether it ponds or not.
  --------------------------------------------------------------------------
                                                             Total   Maximum
                                 Maximum   Time of Max       Flood    Ponded
                        Hours       Rate    Occurrence      Volume    Volume
  Node                 Flooded       CMS   days hr:min    10^6 ltr   1000 m³
  --------------------------------------------------------------------------
  MANHOLE-PUNE-001        1.00     0.241      0  00:00       0.867     0.000
  
  
  ***********************
  Outfall Loading Summary
  ***********************
  
  -----------------------------------------------------------
                         Flow       Avg       Max       Total
                         Freq      Flow      Flow      Volume
  Outfall Node           Pcnt       CMS       CMS    10^6 ltr
  -----------------------------------------------------------
  OUTFALL-001           98.89     0.111     0.112       0.394
  -----------------------------------------------------------
  System                98.89     0.111     0.112       0.394
  
  
  ********************
  Link Flow Summary
  ********************
  
  -----------------------------------------------------------------------------
                                 Maximum  Time of Max   Maximum    Max/    Max/
                                  |Flow|   Occurrence   |Veloc|    Full    Full
  Link                 Type          CMS  days hr:min     m/sec    Flow   Depth
  -----------------------------------------------------------------------------
  PIPE-PUNE-001        CONDUIT     0.112     0  00:01      1.58    1.00    1.00
  PIPE-PUNE-002        CONDUIT     0.112     0  00:11      2.39    0.01    0.06
  
  
  *************************
  Conduit Surcharge Summary
  *************************
  
  ----------------------------------------------------------------------------
                                                           Hours        Hours 
                         --------- Hours Full --------   Above Full   Capacity
  Conduit                Both Ends  Upstream  Dnstream   Normal Flow   Limited
  ----------------------------------------------------------------------------
  PIPE-PUNE-001               1.00      1.00      1.00      0.99         1.00
  

  Analysis begun on:  Fri Sep 11 11:59:41 2026
  Analysis ended on:  Fri Sep 11 11:59:41 2026
  Total elapsed time: < 1 sec